2026-03-13 18:05:46,208 [INFO] Commands for 5R2:
router ospf 1
no area 5 stub
redistribute rip subnets metric-type 2 metric 20
exit
router rip
version 2
no auto-summary
passive-interface default
no passive-interface GigabitEthernet0/0
network 5.0.234.0
network 17.17.17.2
redistribute ospf 1 metric 2
exit
2026-03-13 18:05:46,209 [INFO] Connecting to 5R2 (10.0.0.2)
2026-03-13 18:05:54,209 [INFO] Connected (version 1.99, client Cisco-1.25)
2026-03-13 18:05:54,773 [INFO] Authentication (password) successful!
2026-03-13 18:05:55,205 [INFO] Applied config to 5R2:
configure terminal
Enter configuration commands, one per line.  End with CNTL/Z.
5R2(config)#router ospf 1
5R2(config-router)#no area 5 stub
5R2(config-router)#redistribute rip subnets metric-type 2 metric 20
5R2(config-router)#exit
5R2(config)#router rip
5R2(config-router)#version 2
5R2(config-router)#no auto-summary
5R2(config-router)#passive-interface default
5R2(config-router)#no passive-interface GigabitEthernet0/0
5R2(config-router)#network 5.0.234.0
5R2(config-router)#network 17.17.17.2
5R2(config-router)#redistribute ospf 1 metric 2
5R2(config-router)#exit
5R2(config)#end
5R2#
2026-03-13 18:05:55,240 [INFO] Commands for 5R3:
router ospf 1
no area 5 stub
redistribute rip subnets metric-type 2 metric 20
exit
router rip
version 2
no auto-summary
passive-interface default
no passive-interface GigabitEthernet0/0
network 5.0.234.0
network 17.17.17.3
redistribute ospf 1 metric 2
exit
2026-03-13 18:05:55,240 [INFO] Connecting to 5R3 (10.0.0.3)
2026-03-13 18:05:55,268 [INFO] Connected (version 1.99, client Cisco-1.25)
2026-03-13 18:05:55,837 [INFO] Authentication (password) successful!
2026-03-13 18:05:56,262 [INFO] Applied config to 5R3:
configure terminal
Enter configuration commands, one per line.  End with CNTL/Z.
5R3(config)#router ospf 1
5R3(config-router)#no area 5 stub
5R3(config-router)#redistribute rip subnets metric-type 2 metric 20
5R3(config-router)#exit
5R3(config)#router rip
5R3(config-router)#version 2
5R3(config-router)#no auto-summary
5R3(config-router)#passive-interface default
5R3(config-router)#no passive-interface GigabitEthernet0/0
5R3(config-router)#network 5.0.234.0
5R3(config-router)#network 17.17.17.3
5R3(config-router)#redistribute ospf 1 metric 2
5R3(config-router)#exit
5R3(config)#end
5R3#
